[psicologoleonardosc.com/index.html]
[backblue.gif]
[fade.gif]
[index.html]
[psicologoleonardosc.com/comments/feed/index.html]
[psicologoleonardosc.com/wp-json/oembed/1.0/embeddfd3.json]
[psicologoleonardosc.com/feed/index.html]
[psicologoleonardosc.com/wp-json/oembed/1.0/embed37ca]
[psicologoleonardosc.com/wp-includes/js/jquery/jquery.minf43b.js]
[psicologoleonardosc.com/wp-includes/js/jquery/jquery-migrate.min5589.js]
[psicologoleonardosc.com/wp-json/index.html]
[psicologoleonardosc.com/wp-json/wp/v2/pages/2139.json]
[psicologoleonardosc.com/xmlrpc0db0.php]
[psicologoleonardosc.com/wp-content/uploads/2023/09/R-12-150x150.png]
[psicologoleonardosc.com/wp-content/uploads/2023/09/R-12-300x300.png]
[psicologoleonardosc.com/wp-content/uploads/2023/09/psicologo-clinico-12.png]
[psicologoleonardosc.com/wp-content/uploads/2025/07/Banners-Atualizado-por-Mim-4.jpg]
[psicologoleonardosc.com/wp-content/uploads/2025/10/Banners-Wordpress-Dores-7.jpg]
[psicologoleonardosc.com/wp-content/uploads/2025/10/Banners-Wordpress-Dores-9.jpg]
[psicologoleonardosc.com/pagina-inicial-copy-02/index.html]
[psicologoleonardosc.com/wp-content/uploads/2025/10/Banners-Wordpress-Dores-10.jpg]
[psicologoleonardosc.com/wp-content/uploads/2025/10/Banners-Wordpress-Dores-11.jpg]
[psicologoleonardosc.com/wp-content/uploads/2025/02/612F7D82-CA00-43AB-86DD-11AB83399F34.jpg]
[psicologoleonardosc.com/wp-content/uploads/2025/10/Banners-Wordpress-Dores-12.jpg]
[psicologoleonardosc.com/wp-content/uploads/2024/02/Banners-Wordpress-47.jpg]
[psicologoleonardosc.com/wp-content/uploads/2025/07/foto-leo-site-1.jpg]
[psicologoleonardosc.com/wp-content/uploads/elementor/thumbs/psicologo-clinico-13-r93uo2hbjdt6vnr876f0c77funxq3a41m1p1hhat7s.png]
[psicologoleonardosc.com/wp-content/plugins/elementskit-lite/widgets/init/assets/js/widget-scripts9e95.js]
[psicologoleonardosc.com/wp-content/themes/hello-elementor/assets/js/hello-frontendedb1.js]
[psicologoleonardosc.com/wp-content/plugins/elementor/assets/js/webpack.runtime.minfe70.js]
[psicologoleonardosc.com/wp-content/plugins/elementor/assets/js/frontend-modules.minfe70.js]
[psicologoleonardosc.com/wp-includes/js/jquery/ui/core.minb37e.js]
[psicologoleonardosc.com/wp-content/plugins/elementor/assets/js/frontend.minfe70.js]
[psicologoleonardosc.com/wp-content/plugins/elementor-pro/assets/lib/smartmenus/jquery.smartmenus.min1576.js]
[psicologoleonardosc.com/wp-content/plugins/elementor/assets/lib/jquery-numerator/jquery-numerator.min3958.js]
[psicologoleonardosc.com/wp-content/plugins/elementor/assets/lib/swiper/v8/swiper.min94a4.js]
[psicologoleonardosc.com/wp-content/plugins/creame-whatsapp-me/public/js/joinchat.minfc7a.js]
[psicologoleonardosc.com/wp-content/plugins/premium-addons-for-elementor/assets/frontend/min-js/elements-handler.min034b.js]
[psicologoleonardosc.com/wp-content/plugins/bdthemes-element-pack-lite/assets/js/bdt-uikit.min4ecf.js]
[psicologoleonardosc.com/wp-content/plugins/bdthemes-element-pack-lite/assets/js/common/helper.minf976.js]
[psicologoleonardosc.com/wp-content/plugins/elementor-pro/assets/js/webpack-pro.runtime.min414b.js]
[psicologoleonardosc.com/wp-includes/js/dist/hooks.min394d.js]
[psicologoleonardosc.com/wp-includes/js/dist/i18n.mineca5.js]
[psicologoleonardosc.com/wp-content/plugins/elementor-pro/assets/js/frontend.min414b.js]
[psicologoleonardosc.com/wp-content/plugins/elementor-pro/assets/js/elements-handlers.min414b.js]
[psicologoleonardosc.com/wp-content/plugins/elementskit-lite/widgets/init/assets/js/elementor9e95.js]
[psicologoleonardosc.com/index.html]
[psicologoleonardosc.com/wp-content/themes/hello-elementor/assets/css/resetedb1.css]
[psicologoleonardosc.com/wp-content/themes/hello-elementor/assets/css/themeedb1.css]
[psicologoleonardosc.com/wp-content/themes/hello-elementor/assets/css/header-footeredb1.css]
[psicologoleonardosc.com/wp-content/plugins/elementor/assets/css/frontend.minfe70.css]
[psicologoleonardosc.com/wp-content/uploads/elementor/css/post-101026.css]
[psicologoleonardosc.com/wp-content/plugins/elementor/assets/lib/eicons/fonts/eiconse34b.eot]
[psicologoleonardosc.com/wp-content/plugins/elementor/assets/lib/eicons/fonts/eiconse34b.woff2]
[psicologoleonardosc.com/wp-content/plugins/elementor/assets/lib/eicons/fonts/eiconse34b.woff]
[psicologoleonardosc.com/wp-content/plugins/elementor/assets/lib/eicons/fonts/eiconse34b.ttf]
[psicologoleonardosc.com/wp-content/plugins/elementor/assets/lib/eicons/css/elementor-icons.min7f15.css]
[psicologoleonardosc.com/wp-content/plugins/elementskit-lite/widgets/init/assets/img/arrow.png]
[psicologoleonardosc.com/wp-content/plugins/elementskit-lite/widgets/init/assets/img/sort_asc.png]
[psicologoleonardosc.com/wp-content/plugins/elementskit-lite/widgets/init/assets/img/sort_desc.png]
[psicologoleonardosc.com/wp-content/plugins/elementskit-lite/widgets/init/assets/img/sort_asc_disabled.png]
[psicologoleonardosc.com/wp-content/plugins/elementskit-lite/widgets/init/assets/css/widget-styles9e95.css]
[psicologoleonardosc.com/wp-content/plugins/elementskit-lite/widgets/init/assets/css/responsive9e95.css]
[psicologoleonardosc.com/wp-content/plugins/elementor/assets/css/widget-image.minfe70.css]
[psicologoleonardosc.com/wp-content/plugins/elementor-pro/assets/css/widget-nav-menu.min414b.css]
[psicologoleonardosc.com/wp-content/plugins/elementor/assets/css/widget-heading.minfe70.css]
[psicologoleonardosc.com/wp-content/plugins/elementor/assets/lib/animations/styles/e-animation-grow.minfe70.css]
[psicologoleonardosc.com/wp-content/plugins/elementor/assets/lib/animations/styles/fadeInLeft.minfe70.css]
[psicologoleonardosc.com/wp-content/plugins/elementor/assets/lib/animations/styles/zoomIn.minfe70.css]
[psicologoleonardosc.com/wp-content/plugins/elementor/assets/lib/animations/styles/bounceInRight.minfe70.css]
[psicologoleonardosc.com/wp-content/plugins/elementor/assets/css/widget-counter.minfe70.css]
[psicologoleonardosc.com/wp-content/plugins/elementor/assets/css/widget-icon-box.minfe70.css]
[psicologoleonardosc.com/wp-content/plugins/elementor/assets/lib/animations/styles/fadeInUp.minfe70.css]
[psicologoleonardosc.com/wp-content/plugins/elementor-pro/assets/css/widget-call-to-action.min414b.css]
[psicologoleonardosc.com/wp-content/plugins/elementor-pro/assets/css/conditionals/transitions.min414b.css]
[psicologoleonardosc.com/wp-content/plugins/elementor/assets/lib/animations/styles/fadeIn.minfe70.css]
[psicologoleonardosc.com/wp-content/plugins/elementor/assets/lib/swiper/v8/css/swiper.min94a4.css]
[psicologoleonardosc.com/wp-content/plugins/elementor/assets/css/conditionals/e-swiper.minfe70.css]
[psicologoleonardosc.com/wp-content/plugins/elementor-pro/assets/css/widget-testimonial-carousel.min414b.css]
[psicologoleonardosc.com/wp-content/plugins/elementor-pro/assets/css/widget-carousel-module-base.min414b.css]
[psicologoleonardosc.com/wp-content/plugins/elementor/assets/lib/animations/styles/bounceIn.minfe70.css]
[psicologoleonardosc.com/wp-content/plugins/elementor/assets/lib/animations/styles/fadeInRight.minfe70.css]
[psicologoleonardosc.com/wp-content/plugins/elementor/assets/css/widget-icon-list.minfe70.css]
[psicologoleonardosc.com/wp-content/plugins/elementor/assets/lib/animations/styles/e-animation-pop.minfe70.css]
[psicologoleonardosc.com/wp-content/plugins/elementor/assets/css/widget-social-icons.minfe70.css]
[psicologoleonardosc.com/wp-content/plugins/elementor/assets/css/conditionals/apple-webkit.minfe70.css]
[psicologoleonardosc.com/wp-content/uploads/2025/07/Banners-Wordpress-Capa-14-1.png]
[psicologoleonardosc.com/wp-content/uploads/2023/10/4C41BE30-6960-4C74-A959-8B1DCE52CAD3.jpg]
[psicologoleonardosc.com/wp-content/uploads/2023/09/R-12.png]
[psicologoleonardosc.com/wp-content/uploads/2025/07/Wordpress-Mobile-1.png]
[psicologoleonardosc.com/wp-content/uploads/elementor/css/post-2139e7bd.css]
[psicologoleonardosc.com/wp-content/plugins/bdthemes-element-pack-lite/assets/css/bdt-uikit4ecf.css]
[psicologoleonardosc.com/wp-content/plugins/bdthemes-element-pack-lite/assets/css/ep-helperf976.css]
[psicologoleonardosc.com/wp-content/uploads/elementor/google-fonts/css/roboto36f9.css]
[psicologoleonardosc.com/wp-content/uploads/elementor/google-fonts/css/robotoslabb2a4.css]
[psicologoleonardosc.com/wp-content/uploads/elementor/google-fonts/css/ibmplexsans4e44.css]
[psicologoleonardosc.com/wp-content/uploads/elementor/google-fonts/css/heebo2956.css]
[psicologoleonardosc.com/wp-content/uploads/elementor/google-fonts/css/poppinsfde1.css]
[psicologoleonardosc.com/wp-content/plugins/elementor/assets/lib/font-awesome/css/fontawesome.min52d5.css]
[psicologoleonardosc.com/wp-content/plugins/elementor/assets/lib/font-awesome/webfonts/fa-solid-900.eot]
[psicologoleonardosc.com/wp-content/plugins/elementor/assets/lib/font-awesome/webfonts/fa-solid-900d41d.eot]
[psicologoleonardosc.com/wp-content/plugins/elementor/assets/lib/font-awesome/webfonts/fa-solid-900.woff2]
[psicologoleonardosc.com/wp-content/plugins/elementor/assets/lib/font-awesome/webfonts/fa-solid-900.woff]
[psicologoleonardosc.com/wp-content/plugins/elementor/assets/lib/font-awesome/webfonts/fa-solid-900.ttf]
[psicologoleonardosc.com/wp-content/plugins/elementor/assets/lib/font-awesome/css/solid.min52d5.css]
[psicologoleonardosc.com/wp-content/plugins/elementor/assets/lib/font-awesome/webfonts/fa-regular-400.eot]
[psicologoleonardosc.com/wp-content/plugins/elementor/assets/lib/font-awesome/webfonts/fa-regular-400d41d.eot]
[psicologoleonardosc.com/wp-content/plugins/elementor/assets/lib/font-awesome/webfonts/fa-regular-400.woff2]
[psicologoleonardosc.com/wp-content/plugins/elementor/assets/lib/font-awesome/webfonts/fa-regular-400.woff]
[psicologoleonardosc.com/wp-content/plugins/elementor/assets/lib/font-awesome/webfonts/fa-regular-400.ttf]
[psicologoleonardosc.com/wp-content/plugins/elementor/assets/lib/font-awesome/css/regular.min52d5.css]
[psicologoleonardosc.com/wp-content/plugins/elementskit-lite/modules/elementskit-icon-pack/assets/fonts/elementskitf60a.woff]
[psicologoleonardosc.com/wp-content/plugins/elementskit-lite/modules/elementskit-icon-pack/assets/css/ekiticons9e95.css]
[psicologoleonardosc.com/wp-content/plugins/material-design-icons-for-elementor/assets/material-icons/fonts/material-regular.woff2]
[psicologoleonardosc.com/wp-content/plugins/material-design-icons-for-elementor/assets/material-icons/fonts/material-regular.woff]
[psicologoleonardosc.com/wp-content/plugins/material-design-icons-for-elementor/assets/material-icons/fonts/material-regular.ttf]
[psicologoleonardosc.com/wp-content/plugins/material-design-icons-for-elementor/assets/material-icons/css/material-icons-regularcc1a.css]
[psicologoleonardosc.com/wp-content/plugins/elementor/assets/lib/font-awesome/webfonts/fa-brands-400.eot]
[psicologoleonardosc.com/wp-content/plugins/elementor/assets/lib/font-awesome/webfonts/fa-brands-400d41d.eot]
[psicologoleonardosc.com/wp-content/plugins/elementor/assets/lib/font-awesome/webfonts/fa-brands-400.woff2]
[psicologoleonardosc.com/wp-content/plugins/elementor/assets/lib/font-awesome/webfonts/fa-brands-400.woff]
[psicologoleonardosc.com/wp-content/plugins/elementor/assets/lib/font-awesome/webfonts/fa-brands-400.ttf]
[psicologoleonardosc.com/wp-content/plugins/elementor/assets/lib/font-awesome/css/brands.min52d5.css]
[www.googletagmanager.com/gtm5445.html]
[psicologoleonardosc.com/wp-json/oembed/1.0/embeddbc9.json]
[psicologoleonardosc.com/wp-json/oembed/1.0/embed2f14]
[psicologoleonardosc.com/wp-json/wp/v2/pages/2075.json]
[psicologoleonardosc.com/wp-content/uploads/2025/07/Banners-Wordpress-Dores-31.jpg]
[psicologoleonardosc.com/wp-content/uploads/2025/07/Banners-Wordpress-Dores-34.jpg]
[psicologoleonardosc.com/wp-content/uploads/2025/07/Banners-Wordpress-Dores-30.jpg]
[psicologoleonardosc.com/wp-content/uploads/2025/07/Banners-Wordpress-Dores-29.jpg]
[psicologoleonardosc.com/wp-content/uploads/2025/07/Banners-Wordpress-Dores-32.jpg]
[psicologoleonardosc.com/wp-content/uploads/2025/07/Banners-Wordpress-Dores-35.jpg]
[psicologoleonardosc.com/pagina-inicial-copy-02/index.html]
[psicologoleonardosc.com/wp-content/plugins/creame-whatsapp-me/public/css/joinchat.minfc7a.css]
[psicologoleonardosc.com/wp-content/plugins/elementor/assets/lib/eicons/fonts/eiconse34b.svg]
[psicologoleonardosc.com/wp-content/plugins/elementskit-lite/widgets/init/assets/img/cross-out.svg]
[psicologoleonardosc.com/wp-content/plugins/bdthemes-element-pack-lite/assets/images/loading.svg]
[psicologoleonardosc.com/wp-content/plugins/elementor/assets/lib/font-awesome/webfonts/fa-solid-900.svg]
[psicologoleonardosc.com/wp-content/plugins/elementor/assets/lib/font-awesome/webfonts/fa-regular-400.svg]
[psicologoleonardosc.com/wp-content/plugins/elementor/assets/lib/font-awesome/webfonts/fa-brands-400.svg]
[psicologoleonardosc.com/wp-content/uploads/elementor/css/post-2075c6be.css]
[psicologoleonardosc.com/indexcfcd.html]
